<html>
<body>
<pre>
<h1>µVision Build Log</h1>
<h2>Project:</h2>
C:\Courses\CompE375\S13\Blackboard\Demos\Keil_C_Project_Discovery\Template-C.uvproj
Project File Date:  02/08/2013

<h2>Output:</h2>
Rebuild target 'STM32F0Discovery'
assembling startup_stm32f0xx.s...
compiling system_stm32f0xx.c...
compiling main.c...
linking...
Program Size: Code=1188 RO-data=224 RW-data=20 ZI-data=1636  
".\ObjectFiles\Template-C.axf" - 0 Error(s), 0 Warning(s).
Load "C:\\Courses\\CompE375\\S13\\Blackboard\\Demos\\Keil_C_Project_Discovery\\ObjectFiles\\Template-C.AXF" 
Erase Done.
Programming Done.
Verify OK.
