ARM Linker, 5.03 [Build 24] [MDK-ARM Lite]

==============================================================================

Section Cross References

    main.o(i.SysTick_Handler) refers to main.o(.data) for .data
    main.o(i.TIM_Config) refers to stm32f0xx_rcc.o(i.RCC_AHBPeriphClockCmd) for RCC_AHBPeriphClockCmd
    main.o(i.TIM_Config) refers to stm32f0xx_gpio.o(i.GPIO_Init) for GPIO_Init
    main.o(i.TIM_Config) refers to stm32f0xx_gpio.o(i.GPIO_PinAFConfig) for GPIO_PinAFConfig
    main.o(i.main) refers to system_stm32f0xx.o(i.SystemCoreClockUpdate) for SystemCoreClockUpdate
    main.o(i.main) refers to uidiv.o(.text) for __aeabi_uidivmod
    main.o(i.main) refers to main.o(i.SysTick_Config) for SysTick_Config
    main.o(i.main) refers to main.o(i.LED_Init) for LED_Init
    main.o(i.main) refers to main.o(i.BTN_Init) for BTN_Init
    main.o(i.main) refers to main.o(i.Inputs_Outputs) for Inputs_Outputs
    main.o(i.main) refers to main.o(i.TIM_Config) for TIM_Config
    main.o(i.main) refers to stm32f0xx_rcc.o(i.RCC_APB2PeriphClockCmd) for RCC_APB2PeriphClockCmd
    main.o(i.main) refers to stm32f0xx_tim.o(i.TIM_TimeBaseInit) for TIM_TimeBaseInit
    main.o(i.main) refers to stm32f0xx_tim.o(i.TIM_OC1Init) for TIM_OC1Init
    main.o(i.main) refers to stm32f0xx_tim.o(i.TIM_OC2Init) for TIM_OC2Init
    main.o(i.main) refers to stm32f0xx_tim.o(i.TIM_OC3Init) for TIM_OC3Init
    main.o(i.main) refers to stm32f0xx_tim.o(i.TIM_OC4Init) for TIM_OC4Init
    main.o(i.main) refers to stm32f0xx_tim.o(i.TIM_Cmd) for TIM_Cmd
    main.o(i.main) refers to stm32f0xx_tim.o(i.TIM_CtrlPWMOutputs) for TIM_CtrlPWMOutputs
    main.o(i.main) refers to main.o(i.getKey) for getKey
    main.o(i.main) refers to main.o(i.BTN_Get) for BTN_Get
    main.o(i.main) refers to system_stm32f0xx.o(.data) for SystemCoreClock
    main.o(i.main) refers to main.o(.data) for .data
    main.o(i.main) refers to main.o(.bss) for .bss
    system_stm32f0xx.o(i.SystemCoreClockUpdate) refers to uidiv.o(.text) for __aeabi_uidivmod
    system_stm32f0xx.o(i.SystemCoreClockUpdate) refers to system_stm32f0xx.o(.data) for .data
    system_stm32f0xx.o(i.SystemInit) refers to system_stm32f0xx.o(i.SetSysClock) for SetSysClock
    stm32f0_discovery.o(i.STM_EVAL_LEDInit) refers to stm32f0xx_rcc.o(i.RCC_AHBPeriphClockCmd) for RCC_AHBPeriphClockCmd
    stm32f0_discovery.o(i.STM_EVAL_LEDInit) refers to stm32f0xx_gpio.o(i.GPIO_Init) for GPIO_Init
    stm32f0_discovery.o(i.STM_EVAL_LEDInit) refers to stm32f0_discovery.o(.constdata) for .constdata
    stm32f0_discovery.o(i.STM_EVAL_LEDInit) refers to stm32f0_discovery.o(.data) for .data
    stm32f0_discovery.o(i.STM_EVAL_LEDOff) refers to stm32f0_discovery.o(.constdata) for .constdata
    stm32f0_discovery.o(i.STM_EVAL_LEDOff) refers to stm32f0_discovery.o(.data) for .data
    stm32f0_discovery.o(i.STM_EVAL_LEDOn) refers to stm32f0_discovery.o(.constdata) for .constdata
    stm32f0_discovery.o(i.STM_EVAL_LEDOn) refers to stm32f0_discovery.o(.data) for .data
    stm32f0_discovery.o(i.STM_EVAL_LEDToggle) refers to stm32f0_discovery.o(.data) for .data
    stm32f0_discovery.o(i.STM_EVAL_LEDToggle) refers to stm32f0_discovery.o(.constdata) for .constdata
    stm32f0_discovery.o(i.STM_EVAL_PBGetState) refers to stm32f0xx_gpio.o(i.GPIO_ReadInputDataBit) for GPIO_ReadInputDataBit
    stm32f0_discovery.o(i.STM_EVAL_PBGetState) refers to stm32f0_discovery.o(.constdata) for .constdata
    stm32f0_discovery.o(i.STM_EVAL_PBGetState) refers to stm32f0_discovery.o(.data) for .data
    stm32f0_discovery.o(i.STM_EVAL_PBInit) refers to stm32f0xx_rcc.o(i.RCC_AHBPeriphClockCmd) for RCC_AHBPeriphClockCmd
    stm32f0_discovery.o(i.STM_EVAL_PBInit) refers to stm32f0xx_rcc.o(i.RCC_APB2PeriphClockCmd) for RCC_APB2PeriphClockCmd
    stm32f0_discovery.o(i.STM_EVAL_PBInit) refers to stm32f0xx_gpio.o(i.GPIO_Init) for GPIO_Init
    stm32f0_discovery.o(i.STM_EVAL_PBInit) refers to stm32f0xx_syscfg.o(i.SYSCFG_EXTILineConfig) for SYSCFG_EXTILineConfig
    stm32f0_discovery.o(i.STM_EVAL_PBInit) refers to stm32f0xx_exti.o(i.EXTI_Init) for EXTI_Init
    stm32f0_discovery.o(i.STM_EVAL_PBInit) refers to stm32f0xx_misc.o(i.NVIC_Init) for NVIC_Init
    stm32f0_discovery.o(i.STM_EVAL_PBInit) refers to stm32f0_discovery.o(.constdata) for .constdata
    stm32f0_discovery.o(i.STM_EVAL_PBInit) refers to stm32f0_discovery.o(.data) for .data
    stm32f0xx_rcc.o(i.RCC_GetClocksFreq) refers to uidiv.o(.text) for __aeabi_uidivmod
    stm32f0xx_rcc.o(i.RCC_GetClocksFreq) refers to stm32f0xx_rcc.o(.data) for .data
    stm32f0xx_rcc.o(i.RCC_WaitForHSEStartUp) refers to stm32f0xx_rcc.o(i.RCC_GetFlagStatus) for RCC_GetFlagStatus
    stm32f0xx_gpio.o(i.GPIO_DeInit) refers to stm32f0xx_rcc.o(i.RCC_AHBPeriphResetCmd) for RCC_AHBPeriphResetCmd
    stm32f0xx_tim.o(i.TIM_DeInit) refers to stm32f0xx_rcc.o(i.RCC_APB1PeriphResetCmd) for RCC_APB1PeriphResetCmd
    stm32f0xx_tim.o(i.TIM_DeInit) refers to stm32f0xx_rcc.o(i.RCC_APB2PeriphResetCmd) for RCC_APB2PeriphResetCmd
    stm32f0xx_tim.o(i.TIM_ETRClockMode1Config) refers to stm32f0xx_tim.o(i.TIM_ETRConfig) for TIM_ETRConfig
    stm32f0xx_tim.o(i.TIM_ETRClockMode2Config) refers to stm32f0xx_tim.o(i.TIM_ETRConfig) for TIM_ETRConfig
    stm32f0xx_tim.o(i.TIM_ICInit) refers to stm32f0xx_tim.o(i.TIM_SetIC4Prescaler) for TIM_SetIC4Prescaler
    stm32f0xx_tim.o(i.TIM_ICInit) refers to stm32f0xx_tim.o(i.TI1_Config) for TI1_Config
    stm32f0xx_tim.o(i.TIM_ICInit) refers to stm32f0xx_tim.o(i.TIM_SetIC1Prescaler) for TIM_SetIC1Prescaler
    stm32f0xx_tim.o(i.TIM_ICInit) refers to stm32f0xx_tim.o(i.TI2_Config) for TI2_Config
    stm32f0xx_tim.o(i.TIM_ICInit) refers to stm32f0xx_tim.o(i.TIM_SetIC2Prescaler) for TIM_SetIC2Prescaler
    stm32f0xx_tim.o(i.TIM_ICInit) refers to stm32f0xx_tim.o(i.TIM_SetIC3Prescaler) for TIM_SetIC3Prescaler
    stm32f0xx_tim.o(i.TIM_ITRxExternalClockConfig) refers to stm32f0xx_tim.o(i.TIM_SelectInputTrigger) for TIM_SelectInputTrigger
    stm32f0xx_tim.o(i.TIM_PWMIConfig) refers to stm32f0xx_tim.o(i.TI2_Config) for TI2_Config
    stm32f0xx_tim.o(i.TIM_PWMIConfig) refers to stm32f0xx_tim.o(i.TIM_SetIC2Prescaler) for TIM_SetIC2Prescaler
    stm32f0xx_tim.o(i.TIM_PWMIConfig) refers to stm32f0xx_tim.o(i.TI1_Config) for TI1_Config
    stm32f0xx_tim.o(i.TIM_PWMIConfig) refers to stm32f0xx_tim.o(i.TIM_SetIC1Prescaler) for TIM_SetIC1Prescaler
    stm32f0xx_tim.o(i.TIM_TIxExternalClockConfig) refers to stm32f0xx_tim.o(i.TI1_Config) for TI1_Config
    stm32f0xx_tim.o(i.TIM_TIxExternalClockConfig) refers to stm32f0xx_tim.o(i.TIM_SelectInputTrigger) for TIM_SelectInputTrigger
    stm32f0xx_tim.o(i.TIM_TIxExternalClockConfig) refers to stm32f0xx_tim.o(i.TI2_Config) for TI2_Config
    startup_stm32f0xx.o(RESET) refers to startup_stm32f0xx.o(STACK) for __initial_sp
    startup_stm32f0xx.o(RESET) refers to startup_stm32f0xx.o(.text) for Reset_Handler
    startup_stm32f0xx.o(RESET) refers to stm32f0xx_it.o(i.NMI_Handler) for NMI_Handler
    startup_stm32f0xx.o(RESET) refers to stm32f0xx_it.o(i.HardFault_Handler) for HardFault_Handler
    startup_stm32f0xx.o(RESET) refers to stm32f0xx_it.o(i.SVC_Handler) for SVC_Handler
    startup_stm32f0xx.o(RESET) refers to stm32f0xx_it.o(i.PendSV_Handler) for PendSV_Handler
    startup_stm32f0xx.o(RESET) refers to main.o(i.SysTick_Handler) for SysTick_Handler
    startup_stm32f0xx.o(.text) refers to system_stm32f0xx.o(i.SystemInit) for SystemInit
    startup_stm32f0xx.o(.text) refers to entry.o(.ARM.Collect$$$$00000000) for __main
    entry.o(.ARM.Collect$$$$00000000) refers (Special) to entry10a.o(.ARM.Collect$$$$0000000D) for __rt_final_cpp
    entry.o(.ARM.Collect$$$$00000000) refers (Special) to entry11a.o(.ARM.Collect$$$$0000000F) for __rt_final_exit
    entry.o(.ARM.Collect$$$$00000000) refers (Special) to entry7b.o(.ARM.Collect$$$$00000008) for _main_clock
    entry.o(.ARM.Collect$$$$00000000) refers (Special) to entry8b.o(.ARM.Collect$$$$0000000A) for _main_cpp_init
    entry.o(.ARM.Collect$$$$00000000) refers (Special) to entry9a.o(.ARM.Collect$$$$0000000B) for _main_init
    entry.o(.ARM.Collect$$$$00000000) refers (Special) to entry5.o(.ARM.Collect$$$$00000004) for _main_scatterload
    entry.o(.ARM.Collect$$$$00000000) refers (Special) to entry2.o(.ARM.Collect$$$$00000001) for _main_stk
    entry2.o(.ARM.Collect$$$$00000001) refers to entry2.o(.ARM.Collect$$$$00002712) for __lit__00000000
    entry2.o(.ARM.Collect$$$$00002712) refers to startup_stm32f0xx.o(STACK) for __initial_sp
    entry2.o(__vectab_stack_and_reset_area) refers to startup_stm32f0xx.o(STACK) for __initial_sp
    entry2.o(__vectab_stack_and_reset_area) refers to entry.o(.ARM.Collect$$$$00000000) for __main
    entry5.o(.ARM.Collect$$$$00000004) refers to init.o(.text) for __scatterload
    entry9a.o(.ARM.Collect$$$$0000000B) refers to main.o(i.main) for main
    entry9b.o(.ARM.Collect$$$$0000000C) refers to main.o(i.main) for main
    init.o(.text) refers to entry5.o(.ARM.Collect$$$$00000004) for __main_after_scatterload


==============================================================================

Removing Unused input sections from the image.

    Removing main.o(.emb_text), (8 bytes).
    Removing stm32f0xx_it.o(.emb_text), (8 bytes).
    Removing system_stm32f0xx.o(.emb_text), (8 bytes).
    Removing stm32f0_discovery.o(.emb_text), (8 bytes).
    Removing stm32f0_discovery.o(i.STM_EVAL_LEDInit), (60 bytes).
    Removing stm32f0_discovery.o(i.STM_EVAL_LEDOff), (24 bytes).
    Removing stm32f0_discovery.o(i.STM_EVAL_LEDOn), (24 bytes).
    Removing stm32f0_discovery.o(i.STM_EVAL_LEDToggle), (28 bytes).
    Removing stm32f0_discovery.o(i.STM_EVAL_PBGetState), (28 bytes).
    Removing stm32f0_discovery.o(i.STM_EVAL_PBInit), (144 bytes).
    Removing stm32f0_discovery.o(.constdata), (28 bytes).
    Removing stm32f0_discovery.o(.data), (12 bytes).
    Removing stm32f0xx_rcc.o(.emb_text), (8 bytes).
    Removing stm32f0xx_rcc.o(i.RCC_ADCCLKConfig), (44 bytes).
    Removing stm32f0xx_rcc.o(i.RCC_AHBPeriphResetCmd), (24 bytes).
    Removing stm32f0xx_rcc.o(i.RCC_APB1PeriphClockCmd), (24 bytes).
    Removing stm32f0xx_rcc.o(i.RCC_APB1PeriphResetCmd), (24 bytes).
    Removing stm32f0xx_rcc.o(i.RCC_APB2PeriphResetCmd), (24 bytes).
    Removing stm32f0xx_rcc.o(i.RCC_AdjustHSI14CalibrationValue), (20 bytes).
    Removing stm32f0xx_rcc.o(i.RCC_AdjustHSICalibrationValue), (20 bytes).
    Removing stm32f0xx_rcc.o(i.RCC_BackupResetCmd), (28 bytes).
    Removing stm32f0xx_rcc.o(i.RCC_CECCLKConfig), (24 bytes).
    Removing stm32f0xx_rcc.o(i.RCC_ClearFlag), (20 bytes).
    Removing stm32f0xx_rcc.o(i.RCC_ClearITPendingBit), (12 bytes).
    Removing stm32f0xx_rcc.o(i.RCC_ClockSecuritySystemCmd), (28 bytes).
    Removing stm32f0xx_rcc.o(i.RCC_DeInit), (92 bytes).
    Removing stm32f0xx_rcc.o(i.RCC_GetClocksFreq), (232 bytes).
    Removing stm32f0xx_rcc.o(i.RCC_GetFlagStatus), (52 bytes).
    Removing stm32f0xx_rcc.o(i.RCC_GetITStatus), (20 bytes).
    Removing stm32f0xx_rcc.o(i.RCC_GetSYSCLKSource), (16 bytes).
    Removing stm32f0xx_rcc.o(i.RCC_HCLKConfig), (20 bytes).
    Removing stm32f0xx_rcc.o(i.RCC_HSEConfig), (16 bytes).
    Removing stm32f0xx_rcc.o(i.RCC_HSI14ADCRequestCmd), (24 bytes).
    Removing stm32f0xx_rcc.o(i.RCC_HSI14Cmd), (28 bytes).
    Removing stm32f0xx_rcc.o(i.RCC_HSICmd), (28 bytes).
    Removing stm32f0xx_rcc.o(i.RCC_I2CCLKConfig), (24 bytes).
    Removing stm32f0xx_rcc.o(i.RCC_ITConfig), (24 bytes).
    Removing stm32f0xx_rcc.o(i.RCC_LSEConfig), (32 bytes).
    Removing stm32f0xx_rcc.o(i.RCC_LSEDriveConfig), (24 bytes).
    Removing stm32f0xx_rcc.o(i.RCC_LSICmd), (28 bytes).
    Removing stm32f0xx_rcc.o(i.RCC_MCOConfig), (12 bytes).
    Removing stm32f0xx_rcc.o(i.RCC_PCLKConfig), (20 bytes).
    Removing stm32f0xx_rcc.o(i.RCC_PLLCmd), (28 bytes).
    Removing stm32f0xx_rcc.o(i.RCC_PLLConfig), (28 bytes).
    Removing stm32f0xx_rcc.o(i.RCC_PREDIV1Config), (20 bytes).
    Removing stm32f0xx_rcc.o(i.RCC_RTCCLKCmd), (28 bytes).
    Removing stm32f0xx_rcc.o(i.RCC_RTCCLKConfig), (16 bytes).
    Removing stm32f0xx_rcc.o(i.RCC_SYSCLKConfig), (20 bytes).
    Removing stm32f0xx_rcc.o(i.RCC_USARTCLKConfig), (24 bytes).
    Removing stm32f0xx_rcc.o(i.RCC_WaitForHSEStartUp), (44 bytes).
    Removing stm32f0xx_rcc.o(.data), (16 bytes).
    Removing stm32f0xx_misc.o(.emb_text), (8 bytes).
    Removing stm32f0xx_misc.o(i.NVIC_Init), (80 bytes).
    Removing stm32f0xx_misc.o(i.NVIC_SystemLPConfig), (24 bytes).
    Removing stm32f0xx_misc.o(i.SysTick_CLKSourceConfig), (24 bytes).
    Removing stm32f0xx_gpio.o(.emb_text), (8 bytes).
    Removing stm32f0xx_gpio.o(i.GPIO_DeInit), (96 bytes).
    Removing stm32f0xx_gpio.o(i.GPIO_PinLockConfig), (26 bytes).
    Removing stm32f0xx_gpio.o(i.GPIO_ReadInputData), (4 bytes).
    Removing stm32f0xx_gpio.o(i.GPIO_ReadInputDataBit), (14 bytes).
    Removing stm32f0xx_gpio.o(i.GPIO_ReadOutputData), (4 bytes).
    Removing stm32f0xx_gpio.o(i.GPIO_ReadOutputDataBit), (14 bytes).
    Removing stm32f0xx_gpio.o(i.GPIO_ResetBits), (4 bytes).
    Removing stm32f0xx_gpio.o(i.GPIO_SetBits), (4 bytes).
    Removing stm32f0xx_gpio.o(i.GPIO_StructInit), (24 bytes).
    Removing stm32f0xx_gpio.o(i.GPIO_Write), (4 bytes).
    Removing stm32f0xx_gpio.o(i.GPIO_WriteBit), (12 bytes).
    Removing stm32f0xx_syscfg.o(.emb_text), (8 bytes).
    Removing stm32f0xx_syscfg.o(i.SYSCFG_BreakConfig), (16 bytes).
    Removing stm32f0xx_syscfg.o(i.SYSCFG_ClearFlag), (16 bytes).
    Removing stm32f0xx_syscfg.o(i.SYSCFG_DMAChannelRemapConfig), (24 bytes).
    Removing stm32f0xx_syscfg.o(i.SYSCFG_DeInit), (36 bytes).
    Removing stm32f0xx_syscfg.o(i.SYSCFG_EXTILineConfig), (40 bytes).
    Removing stm32f0xx_syscfg.o(i.SYSCFG_GetFlagStatus), (20 bytes).
    Removing stm32f0xx_syscfg.o(i.SYSCFG_I2CFastModePlusConfig), (24 bytes).
    Removing stm32f0xx_syscfg.o(i.SYSCFG_MemoryRemapConfig), (20 bytes).
    Removing stm32f0xx_exti.o(.emb_text), (8 bytes).
    Removing stm32f0xx_exti.o(i.EXTI_ClearFlag), (12 bytes).
    Removing stm32f0xx_exti.o(i.EXTI_ClearITPendingBit), (12 bytes).
    Removing stm32f0xx_exti.o(i.EXTI_DeInit), (32 bytes).
    Removing stm32f0xx_exti.o(i.EXTI_GenerateSWInterrupt), (16 bytes).
    Removing stm32f0xx_exti.o(i.EXTI_GetFlagStatus), (20 bytes).
    Removing stm32f0xx_exti.o(i.EXTI_GetITStatus), (28 bytes).
    Removing stm32f0xx_exti.o(i.EXTI_Init), (108 bytes).
    Removing stm32f0xx_exti.o(i.EXTI_StructInit), (14 bytes).
    Removing stm32f0xx_tim.o(.emb_text), (8 bytes).
    Removing stm32f0xx_tim.o(i.TI1_Config), (40 bytes).
    Removing stm32f0xx_tim.o(i.TI2_Config), (48 bytes).
    Removing stm32f0xx_tim.o(i.TIM_ARRPreloadConfig), (18 bytes).
    Removing stm32f0xx_tim.o(i.TIM_BDTRConfig), (34 bytes).
    Removing stm32f0xx_tim.o(i.TIM_BDTRStructInit), (18 bytes).
    Removing stm32f0xx_tim.o(i.TIM_CCPreloadControl), (20 bytes).
    Removing stm32f0xx_tim.o(i.TIM_CCxCmd), (22 bytes).
    Removing stm32f0xx_tim.o(i.TIM_CCxNCmd), (22 bytes).
    Removing stm32f0xx_tim.o(i.TIM_ClearFlag), (6 bytes).
    Removing stm32f0xx_tim.o(i.TIM_ClearITPendingBit), (6 bytes).
    Removing stm32f0xx_tim.o(i.TIM_ClearOC1Ref), (12 bytes).
    Removing stm32f0xx_tim.o(i.TIM_ClearOC2Ref), (14 bytes).
    Removing stm32f0xx_tim.o(i.TIM_ClearOC3Ref), (12 bytes).
    Removing stm32f0xx_tim.o(i.TIM_ClearOC4Ref), (14 bytes).
    Removing stm32f0xx_tim.o(i.TIM_CounterModeConfig), (12 bytes).
    Removing stm32f0xx_tim.o(i.TIM_DMACmd), (16 bytes).
    Removing stm32f0xx_tim.o(i.TIM_DMAConfig), (8 bytes).
    Removing stm32f0xx_tim.o(i.TIM_DeInit), (180 bytes).
    Removing stm32f0xx_tim.o(i.TIM_ETRClockMode1Config), (28 bytes).
    Removing stm32f0xx_tim.o(i.TIM_ETRClockMode2Config), (20 bytes).
    Removing stm32f0xx_tim.o(i.TIM_ETRConfig), (18 bytes).
    Removing stm32f0xx_tim.o(i.TIM_EncoderInterfaceConfig), (48 bytes).
    Removing stm32f0xx_tim.o(i.TIM_ForcedOC1Config), (12 bytes).
    Removing stm32f0xx_tim.o(i.TIM_ForcedOC2Config), (20 bytes).
    Removing stm32f0xx_tim.o(i.TIM_ForcedOC3Config), (12 bytes).
    Removing stm32f0xx_tim.o(i.TIM_ForcedOC4Config), (20 bytes).
    Removing stm32f0xx_tim.o(i.TIM_GenerateEvent), (4 bytes).
    Removing stm32f0xx_tim.o(i.TIM_GetCapture1), (4 bytes).
    Removing stm32f0xx_tim.o(i.TIM_GetCapture2), (4 bytes).
    Removing stm32f0xx_tim.o(i.TIM_GetCapture3), (4 bytes).
    Removing stm32f0xx_tim.o(i.TIM_GetCapture4), (4 bytes).
    Removing stm32f0xx_tim.o(i.TIM_GetCounter), (4 bytes).
    Removing stm32f0xx_tim.o(i.TIM_GetFlagStatus), (14 bytes).
    Removing stm32f0xx_tim.o(i.TIM_GetITStatus), (24 bytes).
    Removing stm32f0xx_tim.o(i.TIM_GetPrescaler), (4 bytes).
    Removing stm32f0xx_tim.o(i.TIM_ICInit), (184 bytes).
    Removing stm32f0xx_tim.o(i.TIM_ICStructInit), (16 bytes).
    Removing stm32f0xx_tim.o(i.TIM_ITConfig), (16 bytes).
    Removing stm32f0xx_tim.o(i.TIM_ITRxExternalClockConfig), (18 bytes).
    Removing stm32f0xx_tim.o(i.TIM_InternalClockConfig), (10 bytes).
    Removing stm32f0xx_tim.o(i.TIM_OC1FastConfig), (12 bytes).
    Removing stm32f0xx_tim.o(i.TIM_OC1NPolarityConfig), (12 bytes).
    Removing stm32f0xx_tim.o(i.TIM_OC1PolarityConfig), (12 bytes).
    Removing stm32f0xx_tim.o(i.TIM_OC1PreloadConfig), (12 bytes).
    Removing stm32f0xx_tim.o(i.TIM_OC2FastConfig), (20 bytes).
    Removing stm32f0xx_tim.o(i.TIM_OC2NPolarityConfig), (14 bytes).
    Removing stm32f0xx_tim.o(i.TIM_OC2PolarityConfig), (14 bytes).
    Removing stm32f0xx_tim.o(i.TIM_OC2PreloadConfig), (20 bytes).
    Removing stm32f0xx_tim.o(i.TIM_OC3FastConfig), (12 bytes).
    Removing stm32f0xx_tim.o(i.TIM_OC3NPolarityConfig), (20 bytes).
    Removing stm32f0xx_tim.o(i.TIM_OC3PolarityConfig), (20 bytes).
    Removing stm32f0xx_tim.o(i.TIM_OC3PreloadConfig), (12 bytes).
    Removing stm32f0xx_tim.o(i.TIM_OC4FastConfig), (20 bytes).
    Removing stm32f0xx_tim.o(i.TIM_OC4PolarityConfig), (20 bytes).
    Removing stm32f0xx_tim.o(i.TIM_OC4PreloadConfig), (20 bytes).
    Removing stm32f0xx_tim.o(i.TIM_OCStructInit), (20 bytes).
    Removing stm32f0xx_tim.o(i.TIM_PWMIConfig), (104 bytes).
    Removing stm32f0xx_tim.o(i.TIM_PrescalerConfig), (6 bytes).
    Removing stm32f0xx_tim.o(i.TIM_RemapConfig), (6 bytes).
    Removing stm32f0xx_tim.o(i.TIM_SelectCCDMA), (18 bytes).
    Removing stm32f0xx_tim.o(i.TIM_SelectCOM), (18 bytes).
    Removing stm32f0xx_tim.o(i.TIM_SelectHallSensor), (18 bytes).
    Removing stm32f0xx_tim.o(i.TIM_SelectInputTrigger), (12 bytes).
    Removing stm32f0xx_tim.o(i.TIM_SelectMasterSlaveMode), (16 bytes).
    Removing stm32f0xx_tim.o(i.TIM_SelectOCREFClear), (16 bytes).
    Removing stm32f0xx_tim.o(i.TIM_SelectOCxM), (70 bytes).
    Removing stm32f0xx_tim.o(i.TIM_SelectOnePulseMode), (16 bytes).
    Removing stm32f0xx_tim.o(i.TIM_SelectOutputTrigger), (16 bytes).
    Removing stm32f0xx_tim.o(i.TIM_SelectSlaveMode), (16 bytes).
    Removing stm32f0xx_tim.o(i.TIM_SetAutoreload), (4 bytes).
    Removing stm32f0xx_tim.o(i.TIM_SetClockDivision), (20 bytes).
    Removing stm32f0xx_tim.o(i.TIM_SetCompare1), (4 bytes).
    Removing stm32f0xx_tim.o(i.TIM_SetCompare2), (4 bytes).
    Removing stm32f0xx_tim.o(i.TIM_SetCompare3), (4 bytes).
    Removing stm32f0xx_tim.o(i.TIM_SetCompare4), (4 bytes).
    Removing stm32f0xx_tim.o(i.TIM_SetCounter), (4 bytes).
    Removing stm32f0xx_tim.o(i.TIM_SetIC1Prescaler), (16 bytes).
    Removing stm32f0xx_tim.o(i.TIM_SetIC2Prescaler), (24 bytes).
    Removing stm32f0xx_tim.o(i.TIM_SetIC3Prescaler), (16 bytes).
    Removing stm32f0xx_tim.o(i.TIM_SetIC4Prescaler), (24 bytes).
    Removing stm32f0xx_tim.o(i.TIM_TIxExternalClockConfig), (48 bytes).
    Removing stm32f0xx_tim.o(i.TIM_TimeBaseStructInit), (18 bytes).
    Removing stm32f0xx_tim.o(i.TIM_UpdateDisableConfig), (18 bytes).
    Removing stm32f0xx_tim.o(i.TIM_UpdateRequestConfig), (18 bytes).
    Removing startup_stm32f0xx.o(HEAP), (512 bytes).

171 unused section(s) (total 4728 bytes) removed from the image.

==============================================================================

Image Symbol Table

    Local Symbols

    Symbol Name                              Value     Ov Type        Size  Object(Section)

    ../clib/microlib/division.c              0x00000000   Number         0  uidiv.o ABSOLUTE
    ../clib/microlib/init/entry.s            0x00000000   Number         0  entry9b.o ABSOLUTE
    ../clib/microlib/init/entry.s            0x00000000   Number         0  entry9a.o ABSOLUTE
    ../clib/microlib/init/entry.s            0x00000000   Number         0  entry8b.o ABSOLUTE
    ../clib/microlib/init/entry.s            0x00000000   Number         0  entry8a.o ABSOLUTE
    ../clib/microlib/init/entry.s            0x00000000   Number         0  entry7b.o ABSOLUTE
    ../clib/microlib/init/entry.s            0x00000000   Number         0  entry7a.o ABSOLUTE
    ../clib/microlib/init/entry.s            0x00000000   Number         0  entry5.o ABSOLUTE
    ../clib/microlib/init/entry.s            0x00000000   Number         0  entry10a.o ABSOLUTE
    ../clib/microlib/init/entry.s            0x00000000   Number         0  entry2.o ABSOLUTE
    ../clib/microlib/init/entry.s            0x00000000   Number         0  entry.o ABSOLUTE
    ../clib/microlib/init/entry.s            0x00000000   Number         0  entry11b.o ABSOLUTE
    ../clib/microlib/init/entry.s            0x00000000   Number         0  entry11a.o ABSOLUTE
    ../clib/microlib/init/entry.s            0x00000000   Number         0  entry10b.o ABSOLUTE
    ..\..\..\..\Libraries\CMSIS\ST\STM32F0xx\Source\Templates\arm\startup_stm32f0xx.s 0x00000000   Number         0  startup_stm32f0xx.o ABSOLUTE
    ..\..\..\..\Libraries\STM32F0xx_StdPeriph_Driver\src\stm32f0xx_exti.c 0x00000000   Number         0  stm32f0xx_exti.o ABSOLUTE
    ..\..\..\..\Libraries\STM32F0xx_StdPeriph_Driver\src\stm32f0xx_gpio.c 0x00000000   Number         0  stm32f0xx_gpio.o ABSOLUTE
    ..\..\..\..\Libraries\STM32F0xx_StdPeriph_Driver\src\stm32f0xx_misc.c 0x00000000   Number         0  stm32f0xx_misc.o ABSOLUTE
    ..\..\..\..\Libraries\STM32F0xx_StdPeriph_Driver\src\stm32f0xx_rcc.c 0x00000000   Number         0  stm32f0xx_rcc.o ABSOLUTE
    ..\..\..\..\Libraries\STM32F0xx_StdPeriph_Driver\src\stm32f0xx_syscfg.c 0x00000000   Number         0  stm32f0xx_syscfg.o ABSOLUTE
    ..\..\..\..\Libraries\STM32F0xx_StdPeriph_Driver\src\stm32f0xx_tim.c 0x00000000   Number         0  stm32f0xx_tim.o ABSOLUTE
    ..\..\..\..\Utilities\STM32F0-Discovery\stm32f0_discovery.c 0x00000000   Number         0  stm32f0_discovery.o ABSOLUTE
    ..\\..\\..\\..\\Libraries\\STM32F0xx_StdPeriph_Driver\\src\\stm32f0xx_exti.c 0x00000000   Number         0  stm32f0xx_exti.o ABSOLUTE
    ..\\..\\..\\..\\Libraries\\STM32F0xx_StdPeriph_Driver\\src\\stm32f0xx_gpio.c 0x00000000   Number         0  stm32f0xx_gpio.o ABSOLUTE
    ..\\..\\..\\..\\Libraries\\STM32F0xx_StdPeriph_Driver\\src\\stm32f0xx_misc.c 0x00000000   Number         0  stm32f0xx_misc.o ABSOLUTE
    ..\\..\\..\\..\\Libraries\\STM32F0xx_StdPeriph_Driver\\src\\stm32f0xx_rcc.c 0x00000000   Number         0  stm32f0xx_rcc.o ABSOLUTE
    ..\\..\\..\\..\\Libraries\\STM32F0xx_StdPeriph_Driver\\src\\stm32f0xx_syscfg.c 0x00000000   Number         0  stm32f0xx_syscfg.o ABSOLUTE
    ..\\..\\..\\..\\Libraries\\STM32F0xx_StdPeriph_Driver\\src\\stm32f0xx_tim.c 0x00000000   Number         0  stm32f0xx_tim.o ABSOLUTE
    ..\\..\\..\\..\\Utilities\\STM32F0-Discovery\\stm32f0_discovery.c 0x00000000   Number         0  stm32f0_discovery.o ABSOLUTE
    ..\\main.c                               0x00000000   Number         0  main.o ABSOLUTE
    ..\\stm32f0xx_it.c                       0x00000000   Number         0  stm32f0xx_it.o ABSOLUTE
    ..\\system_stm32f0xx.c                   0x00000000   Number         0  system_stm32f0xx.o ABSOLUTE
    ..\main.c                                0x00000000   Number         0  main.o ABSOLUTE
    ..\stm32f0xx_it.c                        0x00000000   Number         0  stm32f0xx_it.o ABSOLUTE
    ..\system_stm32f0xx.c                    0x00000000   Number         0  system_stm32f0xx.o ABSOLUTE
    dc.s                                     0x00000000   Number         0  dc.o ABSOLUTE
    handlers.s                               0x00000000   Number         0  handlers.o ABSOLUTE
    init.s                                   0x00000000   Number         0  init.o ABSOLUTE
    RESET                                    0x08000000   Section      192  startup_stm32f0xx.o(RESET)
    .ARM.Collect$$$$00000000                 0x080000c0   Section        0  entry.o(.ARM.Collect$$$$00000000)
    .ARM.Collect$$$$00000001                 0x080000c0   Section        4  entry2.o(.ARM.Collect$$$$00000001)
    .ARM.Collect$$$$00000004                 0x080000c4   Section        4  entry5.o(.ARM.Collect$$$$00000004)
    .ARM.Collect$$$$00000008                 0x080000c8   Section        0  entry7b.o(.ARM.Collect$$$$00000008)
    .ARM.Collect$$$$0000000A                 0x080000c8   Section        0  entry8b.o(.ARM.Collect$$$$0000000A)
    .ARM.Collect$$$$0000000B                 0x080000c8   Section        8  entry9a.o(.ARM.Collect$$$$0000000B)
    .ARM.Collect$$$$0000000D                 0x080000d0   Section        0  entry10a.o(.ARM.Collect$$$$0000000D)
    .ARM.Collect$$$$0000000F                 0x080000d0   Section        0  entry11a.o(.ARM.Collect$$$$0000000F)
    .ARM.Collect$$$$00002712                 0x080000d0   Section        4  entry2.o(.ARM.Collect$$$$00002712)
    __lit__00000000                          0x080000d0   Data           4  entry2.o(.ARM.Collect$$$$00002712)
    .text                                    0x080000d4   Section       28  startup_stm32f0xx.o(.text)
    .text                                    0x080000f0   Section        0  uidiv.o(.text)
    .text                                    0x0800011c   Section       36  init.o(.text)
    i.BTN_Get                                0x08000140   Section        0  main.o(i.BTN_Get)
    i.BTN_Init                               0x0800014c   Section        0  main.o(i.BTN_Init)
    i.GPIO_Init                              0x0800017c   Section        0  stm32f0xx_gpio.o(i.GPIO_Init)
    i.GPIO_PinAFConfig                       0x080001ec   Section        0  stm32f0xx_gpio.o(i.GPIO_PinAFConfig)
    i.HardFault_Handler                      0x0800020c   Section        0  stm32f0xx_it.o(i.HardFault_Handler)
    i.Inputs_Outputs                         0x08000210   Section        0  main.o(i.Inputs_Outputs)
    i.LED_Init                               0x0800027c   Section        0  main.o(i.LED_Init)
    i.NMI_Handler                            0x080002b4   Section        0  stm32f0xx_it.o(i.NMI_Handler)
    i.PendSV_Handler                         0x080002b6   Section        0  stm32f0xx_it.o(i.PendSV_Handler)
    i.RCC_AHBPeriphClockCmd                  0x080002b8   Section        0  stm32f0xx_rcc.o(i.RCC_AHBPeriphClockCmd)
    i.RCC_APB2PeriphClockCmd                 0x080002d0   Section        0  stm32f0xx_rcc.o(i.RCC_APB2PeriphClockCmd)
    i.SVC_Handler                            0x080002e8   Section        0  stm32f0xx_it.o(i.SVC_Handler)
    i.SetSysClock                            0x080002ec   Section        0  system_stm32f0xx.o(i.SetSysClock)
    SetSysClock                              0x080002ed   Thumb Code    86  system_stm32f0xx.o(i.SetSysClock)
    i.SysTick_Config                         0x0800034c   Section        0  main.o(i.SysTick_Config)
    SysTick_Config                           0x0800034d   Thumb Code    48  main.o(i.SysTick_Config)
    i.SysTick_Handler                        0x08000388   Section        0  main.o(i.SysTick_Handler)
    i.SystemCoreClockUpdate                  0x08000398   Section        0  system_stm32f0xx.o(i.SystemCoreClockUpdate)
    i.SystemInit                             0x08000404   Section        0  system_stm32f0xx.o(i.SystemInit)
    i.TIM_Cmd                                0x08000464   Section        0  stm32f0xx_tim.o(i.TIM_Cmd)
    i.TIM_Config                             0x08000478   Section        0  main.o(i.TIM_Config)
    i.TIM_CtrlPWMOutputs                     0x080004d0   Section        0  stm32f0xx_tim.o(i.TIM_CtrlPWMOutputs)
    i.TIM_OC1Init                            0x080004e8   Section        0  stm32f0xx_tim.o(i.TIM_OC1Init)
    i.TIM_OC2Init                            0x08000564   Section        0  stm32f0xx_tim.o(i.TIM_OC2Init)
    i.TIM_OC3Init                            0x080005e0   Section        0  stm32f0xx_tim.o(i.TIM_OC3Init)
    i.TIM_OC4Init                            0x08000668   Section        0  stm32f0xx_tim.o(i.TIM_OC4Init)
    i.TIM_TimeBaseInit                       0x080006cc   Section        0  stm32f0xx_tim.o(i.TIM_TimeBaseInit)
    i.__scatterload_copy                     0x08000740   Section       14  handlers.o(i.__scatterload_copy)
    i.__scatterload_null                     0x0800074e   Section        2  handlers.o(i.__scatterload_null)
    i.__scatterload_zeroinit                 0x08000750   Section       14  handlers.o(i.__scatterload_zeroinit)
    i.getKey                                 0x08000760   Section        0  main.o(i.getKey)
    i.main                                   0x0800085c   Section        0  main.o(i.main)
    .data                                    0x20000000   Section       16  main.o(.data)
    .data                                    0x20000010   Section       20  system_stm32f0xx.o(.data)
    .bss                                     0x20000024   Section       32  main.o(.bss)
    STACK                                    0x20000048   Section     1024  startup_stm32f0xx.o(STACK)

    Global Symbols

    Symbol Name                              Value     Ov Type        Size  Object(Section)

    BuildAttributes$$THM_ISAv3M$S$PE$A:L22$X:L11$S22$IEEE1$IW$USESV6$~STKCKD$USESV7$~SHL$OSPACE$EBA8$MICROLIB$REQ8$PRES8$EABIv2 0x00000000   Number         0  anon$$obj.o ABSOLUTE
    __ARM_use_no_argv                        0x00000000   Number         0  main.o ABSOLUTE
    __cpp_initialize__aeabi_                  - Undefined Weak Reference
    __cxa_finalize                            - Undefined Weak Reference
    __decompress                              - Undefined Weak Reference
    _clock_init                               - Undefined Weak Reference
    _microlib_exit                            - Undefined Weak Reference
    __Vectors_Size                           0x000000c0   Number         0  startup_stm32f0xx.o ABSOLUTE
    __Vectors                                0x08000000   Data           4  startup_stm32f0xx.o(RESET)
    __Vectors_End                            0x080000c0   Data           0  startup_stm32f0xx.o(RESET)
    __main                                   0x080000c1   Thumb Code     0  entry.o(.ARM.Collect$$$$00000000)
    _main_stk                                0x080000c1   Thumb Code     0  entry2.o(.ARM.Collect$$$$00000001)
    _main_scatterload                        0x080000c5   Thumb Code     0  entry5.o(.ARM.Collect$$$$00000004)
    __main_after_scatterload                 0x080000c9   Thumb Code     0  entry5.o(.ARM.Collect$$$$00000004)
    _main_clock                              0x080000c9   Thumb Code     0  entry7b.o(.ARM.Collect$$$$00000008)
    _main_cpp_init                           0x080000c9   Thumb Code     0  entry8b.o(.ARM.Collect$$$$0000000A)
    _main_init                               0x080000c9   Thumb Code     0  entry9a.o(.ARM.Collect$$$$0000000B)
    __rt_final_cpp                           0x080000d1   Thumb Code     0  entry10a.o(.ARM.Collect$$$$0000000D)
    __rt_final_exit                          0x080000d1   Thumb Code     0  entry11a.o(.ARM.Collect$$$$0000000F)
    Reset_Handler                            0x080000d5   Thumb Code     8  startup_stm32f0xx.o(.text)
    ADC1_COMP_IRQHandler                     0x080000e7   Thumb Code     0  startup_stm32f0xx.o(.text)
    CEC_IRQHandler                           0x080000e7   Thumb Code     0  startup_stm32f0xx.o(.text)
    DMA1_Channel1_IRQHandler                 0x080000e7   Thumb Code     0  startup_stm32f0xx.o(.text)
    DMA1_Channel2_3_IRQHandler               0x080000e7   Thumb Code     0  startup_stm32f0xx.o(.text)
    DMA1_Channel4_5_IRQHandler               0x080000e7   Thumb Code     0  startup_stm32f0xx.o(.text)
    EXTI0_1_IRQHandler                       0x080000e7   Thumb Code     0  startup_stm32f0xx.o(.text)
    EXTI2_3_IRQHandler                       0x080000e7   Thumb Code     0  startup_stm32f0xx.o(.text)
    EXTI4_15_IRQHandler                      0x080000e7   Thumb Code     0  startup_stm32f0xx.o(.text)
    FLASH_IRQHandler                         0x080000e7   Thumb Code     0  startup_stm32f0xx.o(.text)
    I2C1_IRQHandler                          0x080000e7   Thumb Code     0  startup_stm32f0xx.o(.text)
    I2C2_IRQHandler                          0x080000e7   Thumb Code     0  startup_stm32f0xx.o(.text)
    PVD_IRQHandler                           0x080000e7   Thumb Code     0  startup_stm32f0xx.o(.text)
    RCC_IRQHandler                           0x080000e7   Thumb Code     0  startup_stm32f0xx.o(.text)
    RTC_IRQHandler                           0x080000e7   Thumb Code     0  startup_stm32f0xx.o(.text)
    SPI1_IRQHandler                          0x080000e7   Thumb Code     0  startup_stm32f0xx.o(.text)
    SPI2_IRQHandler                          0x080000e7   Thumb Code     0  startup_stm32f0xx.o(.text)
    TIM14_IRQHandler                         0x080000e7   Thumb Code     0  startup_stm32f0xx.o(.text)
    TIM15_IRQHandler                         0x080000e7   Thumb Code     0  startup_stm32f0xx.o(.text)
    TIM16_IRQHandler                         0x080000e7   Thumb Code     0  startup_stm32f0xx.o(.text)
    TIM17_IRQHandler                         0x080000e7   Thumb Code     0  startup_stm32f0xx.o(.text)
    TIM1_BRK_UP_TRG_COM_IRQHandler           0x080000e7   Thumb Code     0  startup_stm32f0xx.o(.text)
    TIM1_CC_IRQHandler                       0x080000e7   Thumb Code     0  startup_stm32f0xx.o(.text)
    TIM2_IRQHandler                          0x080000e7   Thumb Code     0  startup_stm32f0xx.o(.text)
    TIM3_IRQHandler                          0x080000e7   Thumb Code     0  startup_stm32f0xx.o(.text)
    TIM6_DAC_IRQHandler                      0x080000e7   Thumb Code     0  startup_stm32f0xx.o(.text)
    TS_IRQHandler                            0x080000e7   Thumb Code     0  startup_stm32f0xx.o(.text)
    USART1_IRQHandler                        0x080000e7   Thumb Code     0  startup_stm32f0xx.o(.text)
    USART2_IRQHandler                        0x080000e7   Thumb Code     0  startup_stm32f0xx.o(.text)
    WWDG_IRQHandler                          0x080000e7   Thumb Code     0  startup_stm32f0xx.o(.text)
    __aeabi_uidiv                            0x080000f1   Thumb Code     0  uidiv.o(.text)
    __aeabi_uidivmod                         0x080000f1   Thumb Code    44  uidiv.o(.text)
    __scatterload                            0x0800011d   Thumb Code    28  init.o(.text)
    __scatterload_rt2                        0x0800011d   Thumb Code     0  init.o(.text)
    BTN_Get                                  0x08000141   Thumb Code    12  main.o(i.BTN_Get)
    BTN_Init                                 0x0800014d   Thumb Code    42  main.o(i.BTN_Init)
    GPIO_Init                                0x0800017d   Thumb Code   112  stm32f0xx_gpio.o(i.GPIO_Init)
    GPIO_PinAFConfig                         0x080001ed   Thumb Code    32  stm32f0xx_gpio.o(i.GPIO_PinAFConfig)
    HardFault_Handler                        0x0800020d   Thumb Code     2  stm32f0xx_it.o(i.HardFault_Handler)
    Inputs_Outputs                           0x08000211   Thumb Code   104  main.o(i.Inputs_Outputs)
    LED_Init                                 0x0800027d   Thumb Code    46  main.o(i.LED_Init)
    NMI_Handler                              0x080002b5   Thumb Code     2  stm32f0xx_it.o(i.NMI_Handler)
    PendSV_Handler                           0x080002b7   Thumb Code     2  stm32f0xx_it.o(i.PendSV_Handler)
    RCC_AHBPeriphClockCmd                    0x080002b9   Thumb Code    18  stm32f0xx_rcc.o(i.RCC_AHBPeriphClockCmd)
    RCC_APB2PeriphClockCmd                   0x080002d1   Thumb Code    18  stm32f0xx_rcc.o(i.RCC_APB2PeriphClockCmd)
    SVC_Handler                              0x080002e9   Thumb Code     2  stm32f0xx_it.o(i.SVC_Handler)
    SysTick_Handler                          0x08000389   Thumb Code    10  main.o(i.SysTick_Handler)
    SystemCoreClockUpdate                    0x08000399   Thumb Code    90  system_stm32f0xx.o(i.SystemCoreClockUpdate)
    SystemInit                               0x08000405   Thumb Code    84  system_stm32f0xx.o(i.SystemInit)
    TIM_Cmd                                  0x08000465   Thumb Code    20  stm32f0xx_tim.o(i.TIM_Cmd)
    TIM_Config                               0x08000479   Thumb Code    88  main.o(i.TIM_Config)
    TIM_CtrlPWMOutputs                       0x080004d1   Thumb Code    24  stm32f0xx_tim.o(i.TIM_CtrlPWMOutputs)
    TIM_OC1Init                              0x080004e9   Thumb Code   104  stm32f0xx_tim.o(i.TIM_OC1Init)
    TIM_OC2Init                              0x08000565   Thumb Code   110  stm32f0xx_tim.o(i.TIM_OC2Init)
    TIM_OC3Init                              0x080005e1   Thumb Code   110  stm32f0xx_tim.o(i.TIM_OC3Init)
    TIM_OC4Init                              0x08000669   Thumb Code    78  stm32f0xx_tim.o(i.TIM_OC4Init)
    TIM_TimeBaseInit                         0x080006cd   Thumb Code    88  stm32f0xx_tim.o(i.TIM_TimeBaseInit)
    __scatterload_copy                       0x08000741   Thumb Code    14  handlers.o(i.__scatterload_copy)
    __scatterload_null                       0x0800074f   Thumb Code     2  handlers.o(i.__scatterload_null)
    __scatterload_zeroinit                   0x08000751   Thumb Code    14  handlers.o(i.__scatterload_zeroinit)
    getKey                                   0x08000761   Thumb Code   246  main.o(i.getKey)
    main                                     0x0800085d   Thumb Code   384  main.o(i.main)
    Region$$Table$$Base                      0x080009f0   Number         0  anon$$obj.o(Region$$Table)
    Region$$Table$$Limit                     0x08000a10   Number         0  anon$$obj.o(Region$$Table)
    TimerPeriod                              0x20000000   Data           2  main.o(.data)
    Channel1Pulse                            0x20000002   Data           2  main.o(.data)
    Channel2Pulse                            0x20000004   Data           2  main.o(.data)
    Channel3Pulse                            0x20000006   Data           2  main.o(.data)
    Channel4Pulse                            0x20000008   Data           2  main.o(.data)
    msTicks                                  0x2000000c   Data           4  main.o(.data)
    SystemCoreClock                          0x20000010   Data           4  system_stm32f0xx.o(.data)
    AHBPrescTable                            0x20000014   Data          16  system_stm32f0xx.o(.data)
    TIM_TimeBaseStructure                    0x20000024   Data          12  main.o(.bss)
    TIM_OCInitStructure                      0x20000030   Data          20  main.o(.bss)
    __initial_sp                             0x20000448   Data           0  startup_stm32f0xx.o(STACK)



==============================================================================

Memory Map of the image

  Image Entry point : 0x080000c1

  Load Region LR_IROM1 (Base: 0x08000000, Size: 0x00000a34, Max: 0x00010000, ABSOLUTE)

    Execution Region ER_IROM1 (Base: 0x08000000, Size: 0x00000a10, Max: 0x00010000, ABSOLUTE)

    Base Addr    Size         Type   Attr      Idx    E Section Name        Object

    0x08000000   0x000000c0   Data   RO         1462    RESET               startup_stm32f0xx.o
    0x080000c0   0x00000000   Code   RO         1467  * .ARM.Collect$$$$00000000  mc_p.l(entry.o)
    0x080000c0   0x00000004   Code   RO         1472    .ARM.Collect$$$$00000001  mc_p.l(entry2.o)
    0x080000c4   0x00000004   Code   RO         1475    .ARM.Collect$$$$00000004  mc_p.l(entry5.o)
    0x080000c8   0x00000000   Code   RO         1477    .ARM.Collect$$$$00000008  mc_p.l(entry7b.o)
    0x080000c8   0x00000000   Code   RO         1479    .ARM.Collect$$$$0000000A  mc_p.l(entry8b.o)
    0x080000c8   0x00000008   Code   RO         1480    .ARM.Collect$$$$0000000B  mc_p.l(entry9a.o)
    0x080000d0   0x00000000   Code   RO         1482    .ARM.Collect$$$$0000000D  mc_p.l(entry10a.o)
    0x080000d0   0x00000000   Code   RO         1484    .ARM.Collect$$$$0000000F  mc_p.l(entry11a.o)
    0x080000d0   0x00000004   Code   RO         1473    .ARM.Collect$$$$00002712  mc_p.l(entry2.o)
    0x080000d4   0x0000001c   Code   RO         1463    .text               startup_stm32f0xx.o
    0x080000f0   0x0000002c   Code   RO         1470    .text               mc_p.l(uidiv.o)
    0x0800011c   0x00000024   Code   RO         1486    .text               mc_p.l(init.o)
    0x08000140   0x0000000c   Code   RO            2    i.BTN_Get           main.o
    0x0800014c   0x00000030   Code   RO            3    i.BTN_Init          main.o
    0x0800017c   0x00000070   Code   RO          700    i.GPIO_Init         stm32f0xx_gpio.o
    0x080001ec   0x00000020   Code   RO          701    i.GPIO_PinAFConfig  stm32f0xx_gpio.o
    0x0800020c   0x00000002   Code   RO          157    i.HardFault_Handler  stm32f0xx_it.o
    0x0800020e   0x00000002   PAD
    0x08000210   0x0000006c   Code   RO            4    i.Inputs_Outputs    main.o
    0x0800027c   0x00000038   Code   RO            5    i.LED_Init          main.o
    0x080002b4   0x00000002   Code   RO          158    i.NMI_Handler       stm32f0xx_it.o
    0x080002b6   0x00000002   Code   RO          159    i.PendSV_Handler    stm32f0xx_it.o
    0x080002b8   0x00000018   Code   RO          357    i.RCC_AHBPeriphClockCmd  stm32f0xx_rcc.o
    0x080002d0   0x00000018   Code   RO          361    i.RCC_APB2PeriphClockCmd  stm32f0xx_rcc.o
    0x080002e8   0x00000002   Code   RO          160    i.SVC_Handler       stm32f0xx_it.o
    0x080002ea   0x00000002   PAD
    0x080002ec   0x00000060   Code   RO          252    i.SetSysClock       system_stm32f0xx.o
    0x0800034c   0x0000003c   Code   RO            6    i.SysTick_Config    main.o
    0x08000388   0x00000010   Code   RO            7    i.SysTick_Handler   main.o
    0x08000398   0x0000006c   Code   RO          253    i.SystemCoreClockUpdate  system_stm32f0xx.o
    0x08000404   0x00000060   Code   RO          254    i.SystemInit        system_stm32f0xx.o
    0x08000464   0x00000014   Code   RO          923    i.TIM_Cmd           stm32f0xx_tim.o
    0x08000478   0x00000058   Code   RO            8    i.TIM_Config        main.o
    0x080004d0   0x00000018   Code   RO          925    i.TIM_CtrlPWMOutputs  stm32f0xx_tim.o
    0x080004e8   0x0000007c   Code   RO          952    i.TIM_OC1Init       stm32f0xx_tim.o
    0x08000564   0x0000007c   Code   RO          957    i.TIM_OC2Init       stm32f0xx_tim.o
    0x080005e0   0x00000088   Code   RO          962    i.TIM_OC3Init       stm32f0xx_tim.o
    0x08000668   0x00000064   Code   RO          967    i.TIM_OC4Init       stm32f0xx_tim.o
    0x080006cc   0x00000074   Code   RO          996    i.TIM_TimeBaseInit  stm32f0xx_tim.o
    0x08000740   0x0000000e   Code   RO         1490    i.__scatterload_copy  mc_p.l(handlers.o)
    0x0800074e   0x00000002   Code   RO         1491    i.__scatterload_null  mc_p.l(handlers.o)
    0x08000750   0x0000000e   Code   RO         1492    i.__scatterload_zeroinit  mc_p.l(handlers.o)
    0x0800075e   0x00000002   PAD
    0x08000760   0x000000fc   Code   RO            9    i.getKey            main.o
    0x0800085c   0x00000194   Code   RO           10    i.main              main.o
    0x080009f0   0x00000020   Data   RO         1488    Region$$Table       anon$$obj.o


    Execution Region RW_IRAM1 (Base: 0x20000000, Size: 0x00000448, Max: 0x00002000, ABSOLUTE)

    Base Addr    Size         Type   Attr      Idx    E Section Name        Object

    0x20000000   0x00000010   Data   RW           12    .data               main.o
    0x20000010   0x00000014   Data   RW          255    .data               system_stm32f0xx.o
    0x20000024   0x00000020   Zero   RW           11    .bss                main.o
    0x20000044   0x00000004   PAD
    0x20000048   0x00000400   Zero   RW         1460    STACK               startup_stm32f0xx.o


==============================================================================

Image component sizes


      Code (inc. data)   RO Data    RW Data    ZI Data      Debug   Object Name

      1044         64          0         16         32     123828   main.o
        28          8        192          0       1024        748   startup_stm32f0xx.o
       144          0          0          0          0       6443   stm32f0xx_gpio.o
         8          0          0          0          0       4505   stm32f0xx_it.o
        48         12          0          0          0       1241   stm32f0xx_rcc.o
       644        110          0          0          0      26449   stm32f0xx_tim.o
       300         40          0         20          0      85985   system_stm32f0xx.o

    ----------------------------------------------------------------------
      2220        234        224         36       1060     249199   Object Totals
         0          0         32          0          0          0   (incl. Generated)
         4          0          0          0          4          0   (incl. Padding)

    ----------------------------------------------------------------------

      Code (inc. data)   RO Data    RW Data    ZI Data      Debug   Library Member Name

         0          0          0          0          0          0   entry.o
         0          0          0          0          0          0   entry10a.o
         0          0          0          0          0          0   entry11a.o
         8          4          0          0          0          0   entry2.o
         4          0          0          0          0          0   entry5.o
         0          0          0          0          0          0   entry7b.o
         0          0          0          0          0          0   entry8b.o
         8          4          0          0          0          0   entry9a.o
        30          0          0          0          0          0   handlers.o
        36          8          0          0          0         68   init.o
        44          0          0          0          0         72   uidiv.o

    ----------------------------------------------------------------------
       132         16          0          0          0        140   Library Totals
         2          0          0          0          0          0   (incl. Padding)

    ----------------------------------------------------------------------

      Code (inc. data)   RO Data    RW Data    ZI Data      Debug   Library Name

       130         16          0          0          0        140   mc_p.l

    ----------------------------------------------------------------------
       132         16          0          0          0        140   Library Totals

    ----------------------------------------------------------------------

==============================================================================


      Code (inc. data)   RO Data    RW Data    ZI Data      Debug   

      2352        250        224         36       1060     248319   Grand Totals
      2352        250        224         36       1060     248319   ELF Image Totals
      2352        250        224         36          0          0   ROM Totals

==============================================================================

    Total RO  Size (Code + RO Data)                 2576 (   2.52kB)
    Total RW  Size (RW Data + ZI Data)              1096 (   1.07kB)
    Total ROM Size (Code + RO Data + RW Data)       2612 (   2.55kB)

==============================================================================

